// Jest Snapshot v1, https://goo.gl/fbAQLP

exports[`test component renders 1`] = `
<div>
  <strong>
    Project
  </strong>
  : 
  <a
    href="http://git.lan/project"
    target="_blank"
  >
    http://git.lan/project
  </a>
</div>
`;
